\BOOKMARK [1][-]{section.1}{\376\377\000I\000n\000t\000r\000o\000d\000u\000c\000t\000i\000o\000n}{}% 1
\BOOKMARK [2][-]{subsection.1.1}{\376\377\000A\000r\000c\000h\000i\000t\000e\000c\000t\000u\000r\000e\000\040\000g\000l\000o\000b\000a\000l\000e}{section.1}% 2
\BOOKMARK [1][-]{section.2}{\376\377\000P\0001\000\040\040\024\000\040\000D\000a\000t\000a\000\040\000E\000n\000g\000i\000n\000e\000e\000r}{}% 3
\BOOKMARK [2][-]{subsection.2.1}{\376\377\000C\000o\000l\000l\000e\000c\000t\000e\000\040\000d\000e\000s\000\040\000d\000o\000n\000n\000e\000e\000s\000\040\000a\000u\000d\000i\000o}{section.2}% 4
\BOOKMARK [2][-]{subsection.2.2}{\376\377\000P\000r\000e\000t\000r\000a\000i\000t\000e\000m\000e\000n\000t\000\040\000a\000u\000d\000i\000o}{section.2}% 5
\BOOKMARK [2][-]{subsection.2.3}{\376\377\000C\000o\000n\000s\000t\000r\000u\000c\000t\000i\000o\000n\000\040\000d\000u\000\040\000c\000o\000r\000p\000u\000s\000\040\000t\000e\000x\000t\000e}{section.2}% 6
\BOOKMARK [2][-]{subsection.2.4}{\376\377\000C\000r\000e\000a\000t\000i\000o\000n\000\040\000d\000e\000s\000\040\000p\000a\000i\000r\000e\000s\000\040\000a\000u\000d\000i\000o\040\023\000d\000o\000c\000u\000m\000e\000n\000t\000\040\000e\000t\000\040\000s\000p\000l\000i\000t}{section.2}% 7
\BOOKMARK [1][-]{section.3}{\376\377\000P\0002\000\040\040\024\000\040\000S\000p\000e\000e\000c\000h\000\040\000A\000I\000\040\000E\000n\000g\000i\000n\000e\000e\000r}{}% 8
\BOOKMARK [2][-]{subsection.3.1}{\376\377\000M\000o\000d\000e\000l\000e\000\040\000W\000a\000v\0002\000V\000e\000c\0002}{section.3}% 9
\BOOKMARK [2][-]{subsection.3.2}{\376\377\000A\000r\000c\000h\000i\000t\000e\000c\000t\000u\000r\000e\000\040\000d\000u\000\040\000S\000p\000e\000e\000c\000h\000E\000n\000c\000o\000d\000e\000r}{section.3}% 10
\BOOKMARK [2][-]{subsection.3.3}{\376\377\000G\000e\000s\000t\000i\000o\000n\000\040\000d\000u\000\040\000c\000h\000a\000r\000g\000e\000m\000e\000n\000t\000\040\000a\000u\000d\000i\000o\000\040\000\050\000s\000o\000u\000n\000d\000f\000i\000l\000e\000\051}{section.3}% 11
\BOOKMARK [2][-]{subsection.3.4}{\376\377\000M\000e\000a\000n\000\040\000p\000o\000o\000l\000i\000n\000g\000\040\000a\000v\000e\000c\000\040\000m\000a\000s\000q\000u\000e\000\040\000d\000'\000a\000t\000t\000e\000n\000t\000i\000o\000n}{section.3}% 12
\BOOKMARK [2][-]{subsection.3.5}{\376\377\000O\000u\000t\000p\000u\000t\000s\000\040\000d\000e\000\040\000P\0002}{section.3}% 13
\BOOKMARK [1][-]{section.4}{\376\377\000P\0003\000\040\040\024\000\040\000M\000L\000\040\000E\000n\000g\000i\000n\000e\000e\000r\000\040\000:\000\040\000D\000u\000a\000l\000\040\000E\000n\000c\000o\000d\000e\000r}{}% 14
\BOOKMARK [2][-]{subsection.4.1}{\376\377\000A\000r\000c\000h\000i\000t\000e\000c\000t\000u\000r\000e\000\040\000d\000u\000\040\000D\000u\000a\000l\000E\000n\000c\000o\000d\000e\000r\000M\000o\000d\000e\000l}{section.4}% 15
\BOOKMARK [2][-]{subsection.4.2}{\376\377\000M\000o\000d\000e\000\040\000r\000a\000p\000i\000d\000e\000\040\000\050\000p\000r\000e\000-\000c\000a\000l\000c\000u\000l\000\040\000d\000e\000s\000\040\000e\000m\000b\000e\000d\000d\000i\000n\000g\000s\000\040\000t\000e\000x\000t\000e\000\051}{section.4}% 16
\BOOKMARK [2][-]{subsection.4.3}{\376\377\000F\000o\000n\000c\000t\000i\000o\000n\000\040\000d\000e\000\040\000p\000e\000r\000t\000e}{section.4}% 17
\BOOKMARK [3][-]{subsubsection.4.3.1}{\376\377\000C\000o\000n\000t\000r\000a\000s\000t\000i\000v\000e\000\040\000L\000o\000s\000s\000\040\000\050\000I\000n\000f\000o\000N\000C\000E\000\040\000/\000\040\000N\000T\000-\000X\000e\000n\000t\000\051}{subsection.4.3}% 18
\BOOKMARK [3][-]{subsubsection.4.3.2}{\376\377\000T\000r\000i\000p\000l\000e\000t\000\040\000L\000o\000s\000s}{subsection.4.3}% 19
\BOOKMARK [2][-]{subsection.4.4}{\376\377\000P\000r\000o\000c\000e\000d\000u\000r\000e\000\040\000d\000'\000e\000n\000t\000r\000a\000i\000n\000e\000m\000e\000n\000t}{section.4}% 20
\BOOKMARK [2][-]{subsection.4.5}{\376\377\000M\000e\000t\000r\000i\000q\000u\000e\000s\000\040\000d\000'\000e\000v\000a\000l\000u\000a\000t\000i\000o\000n}{section.4}% 21
\BOOKMARK [2][-]{subsection.4.6}{\376\377\000E\000x\000p\000o\000r\000t\000\040\000d\000e\000s\000\040\000e\000m\000b\000e\000d\000d\000i\000n\000g\000s\000\040\000t\000e\000x\000t\000e\000\040\000\050\000p\000o\000s\000t\000-\000e\000n\000t\000r\000a\000i\000n\000e\000m\000e\000n\000t\000\051}{section.4}% 22
\BOOKMARK [1][-]{section.5}{\376\377\000P\0004\000\040\040\024\000\040\000S\000y\000s\000t\000e\000m\000\040\000I\000n\000t\000e\000g\000r\000a\000t\000i\000o\000n}{}% 23
\BOOKMARK [2][-]{subsection.5.1}{\376\377\000I\000n\000d\000e\000x\000\040\000F\000A\000I\000S\000S}{section.5}% 24
\BOOKMARK [2][-]{subsection.5.2}{\376\377\000A\000P\000I\000\040\000R\000E\000S\000T\000\040\000F\000a\000s\000t\000A\000P\000I}{section.5}% 25
\BOOKMARK [2][-]{subsection.5.3}{\376\377\000I\000n\000t\000e\000r\000f\000a\000c\000e\000\040\000G\000r\000a\000d\000i\000o}{section.5}% 26
\BOOKMARK [1][-]{section.6}{\376\377\000P\000i\000p\000e\000l\000i\000n\000e\000\040\000d\000'\000e\000x\000e\000c\000u\000t\000i\000o\000n}{}% 27
\BOOKMARK [2][-]{subsection.6.1}{\376\377\000P\000i\000p\000e\000l\000i\000n\000e\000\040\000a\000u\000t\000o\000m\000a\000t\000i\000s\000e\000\040\000\050\000r\000u\000n\000\137\000p\000i\000p\000e\000l\000i\000n\000e\000.\000b\000a\000t\000\040\000/\000\040\000.\000s\000h\000\051}{section.6}% 28
\BOOKMARK [2][-]{subsection.6.2}{\376\377\000E\000n\000t\000r\000a\000i\000n\000e\000m\000e\000n\000t\000\040\000s\000u\000r\000\040\000G\000o\000o\000g\000l\000e\000\040\000C\000o\000l\000a\000b\000\040\000/\000\040\000K\000a\000g\000g\000l\000e}{section.6}% 29
\BOOKMARK [2][-]{subsection.6.3}{\376\377\000V\000e\000r\000i\000f\000i\000c\000a\000t\000i\000o\000n\000\040\000d\000e\000s\000\040\000m\000e\000t\000r\000i\000q\000u\000e\000s}{section.6}% 30
\BOOKMARK [1][-]{section.7}{\376\377\000I\000n\000t\000e\000g\000r\000a\000t\000i\000o\000n\000\040\000S\000n\000o\000w\000f\000l\000a\000k\000e}{}% 31
\BOOKMARK [2][-]{subsection.7.1}{\376\377\000A\000r\000c\000h\000i\000t\000e\000c\000t\000u\000r\000e\000\040\000S\000Q\000L}{section.7}% 32
\BOOKMARK [2][-]{subsection.7.2}{\376\377\000R\000e\000c\000h\000e\000r\000c\000h\000e\000\040\000p\000a\000r\000\040\000s\000i\000m\000i\000l\000a\000r\000i\000t\000e\000\040\000v\000e\000c\000t\000o\000r\000i\000e\000l\000l\000e}{section.7}% 33
\BOOKMARK [2][-]{subsection.7.3}{\376\377\000P\000r\000o\000c\000e\000d\000u\000r\000e\000\040\000s\000t\000o\000c\000k\000e\000e\000\040\000d\000'\000i\000n\000f\000e\000r\000e\000n\000c\000e}{section.7}% 34
\BOOKMARK [1][-]{section.8}{\376\377\000P\000r\000o\000b\000l\000e\000m\000e\000s\000\040\000t\000e\000c\000h\000n\000i\000q\000u\000e\000s\000\040\000e\000t\000\040\000s\000o\000l\000u\000t\000i\000o\000n\000s}{}% 35
\BOOKMARK [1][-]{section.9}{\376\377\000R\000e\000s\000u\000l\000t\000a\000t\000s\000\040\000e\000t\000\040\000e\000v\000a\000l\000u\000a\000t\000i\000o\000n}{}% 36
\BOOKMARK [2][-]{subsection.9.1}{\376\377\000B\000i\000l\000a\000n\000\040\000q\000u\000a\000n\000t\000i\000t\000a\000t\000i\000f\000\040\000g\000l\000o\000b\000a\000l}{section.9}% 37
\BOOKMARK [2][-]{subsection.9.2}{\376\377\000T\000e\000s\000t\000s\000\040\000s\000y\000s\000t\000e\000m\000e}{section.9}% 38
\BOOKMARK [1][-]{section.10}{\376\377\000C\000o\000n\000c\000l\000u\000s\000i\000o\000n\000\040\000e\000t\000\040\000p\000e\000r\000s\000p\000e\000c\000t\000i\000v\000e\000s}{}% 39
\BOOKMARK [2][-]{subsection.10.1}{\376\377\000B\000i\000l\000a\000n}{section.10}% 40
\BOOKMARK [2][-]{subsection.10.2}{\376\377\000P\000e\000r\000s\000p\000e\000c\000t\000i\000v\000e\000s\000\040\000d\000'\000a\000m\000e\000l\000i\000o\000r\000a\000t\000i\000o\000n}{section.10}% 41
\BOOKMARK [1][-]{section.11}{\376\377\000A\000n\000n\000e\000x\000e\000\040\000:\000\040\000S\000t\000r\000u\000c\000t\000u\000r\000e\000\040\000d\000u\000\040\000p\000r\000o\000j\000e\000t}{}% 42
\BOOKMARK [1][-]{section.12}{\376\377\000R\000e\000f\000e\000r\000e\000n\000c\000e\000s}{}% 43
